/Users/sheltonbumhe/Library/Python/3.9/lib/python/site-packages/urllib3/__init__.py:35: NotOpenSSLWarning: urllib3 v2 only supports OpenSSL 1.1.1+, currently the 'ssl' module is compiled with 'LibreSSL 2.8.3'. See: https://github.com/urllib3/urllib3/issues/3020
  warnings.warn(
/Users/sheltonbumhe/Desktop/machine-learning-nfl-touchdowns/enhanced-nfl-platform/backend/ultimate_production_app.py:75: MovedIn20Warning: The ``declarative_base()`` function is now available as sqlalchemy.orm.declarative_base(). (deprecated since: 2.0) (Background on SQLAlchemy 2.0 at: https://sqlalche.me/e/b8d9)
  Base = declarative_base()
INFO:__main__:✅ MySQL database connected successfully!
/Users/sheltonbumhe/Library/Python/3.9/lib/python/site-packages/pydantic/_internal/_fields.py:149: UserWarning: Field "model_name" has conflict with protected namespace "model_".

You may be able to resolve this warning by setting `model_config['protected_namespaces'] = ()`.
  warnings.warn(
/Users/sheltonbumhe/Library/Python/3.9/lib/python/site-packages/pydantic/_internal/_fields.py:149: UserWarning: Field "model_used" has conflict with protected namespace "model_".

You may be able to resolve this warning by setting `model_config['protected_namespaces'] = ()`.
  warnings.warn(
/Users/sheltonbumhe/Library/Python/3.9/lib/python/site-packages/pydantic/_internal/_fields.py:149: UserWarning: Field "model_breakdown" has conflict with protected namespace "model_".

You may be able to resolve this warning by setting `model_config['protected_namespaces'] = ()`.
  warnings.warn(
/Users/sheltonbumhe/Desktop/machine-learning-nfl-touchdowns/enhanced-nfl-platform/backend/ultimate_production_app.py:575: DeprecationWarning: 
        on_event is deprecated, use lifespan event handlers instead.

        Read more about it in the
        [FastAPI docs for Lifespan Events](https://fastapi.tiangolo.com/advanced/events/).
        
  @app.on_event("startup")
INFO:     Started server process [86239]
INFO:     Waiting for application startup.
INFO:__main__:🚀 Starting NFL AI/ML Platform - Ultimate Production
INFO:__main__:🧠 Initializing Advanced RAG System...
INFO:advanced_ai_system:🚀 Initializing Advanced RAG System...
INFO:advanced_ai_system:💻 Using CPU
INFO:advanced_ai_system:📚 Loading NFL knowledge base...
ERROR:advanced_ai_system:Error loading knowledge base: (pymysql.err.InternalError) (3, "Error writing file '/var/folders/k5/v6855qgn06dgtw53st_wfrvm0000gn/T/MYt7T7XB' (OS errno 28 - No space left on device)")
[SQL: 
                    SELECT 
                        bs.player_id, bs.name, bs.position, bs.team, bs.age,
                        csp.passing_yards, csp.passing_tds, csp.completion_pct, csp.passer_rating,
                        csr.rushing_yards, csr.rushing_tds, csr.yards_per_attempt,
                        csrec.receiving_yards, csrec.receiving_tds, csrec.yards_per_reception
                    FROM basic_stats bs
                    LEFT JOIN career_stats_passing csp ON bs.player_id = csp.player_id
                    LEFT JOIN career_stats_rushing csr ON bs.player_id = csr.player_id
                    LEFT JOIN career_stats_receiving csrec ON bs.player_id = csrec.player_id
                    WHERE bs.position IN ('QB', 'RB', 'WR', 'TE')
                    ORDER BY 
                        COALESCE(csp.passing_yards, 0) + 
                        COALESCE(csr.rushing_yards, 0) + 
                        COALESCE(csrec.receiving_yards, 0) DESC
                    LIMIT 5000
                ]
(Background on this error at: https://sqlalche.me/e/20/2j85)
INFO:advanced_ai_system:🎯 Fine-tuning models on NFL data...
INFO:advanced_ai_system:✅ Fine-tuning completed
INFO:advanced_ai_system:🎉 Advanced RAG System initialized successfully!
INFO:__main__:🤖 Initializing Advanced ML Pipeline...
INFO:advanced_ai_system:🤖 Initializing Advanced ML Pipeline...
WARNING:advanced_ai_system:⚠️ Using fallback ML models
INFO:__main__:🎉 Ultimate Production platform ready!
INFO:     Application startup complete.
ERROR:    [Errno 48] error while attempting to bind on address ('0.0.0.0', 8000): address already in use
INFO:     Waiting for application shutdown.
INFO:     Application shutdown complete.
